# 2018-08-22 16:46:53,919 INFO output generated by gtf2table --counter=classifier-rnaseq-splicing --reporter=transcripts --gff-file=smallest_ref.gtf \
#                              job started at Wed Aug 22 16:46:53 2018 on cgath1.anat.ox.ac.uk -- 3186058d-1987-43ac-bc55-91672350ce58 \
#                              pid: 51691, system: Linux 2.6.32-754.el6.x86_64 #1 SMP Thu May 24 18:18:25 EDT 2018 x86_64
# 2018-08-22 16:46:53,919 INFO add_gtf_source                          : False \
#                              bam_files                               : None \
#                              bigwig_file                             : None \
#                              counters                                : ['classifier-rnaseq-splicing'] \
#                              filename_format                         : None \
#                              filename_gff                            : ['smallest_ref.gtf'] \
#                              genome_file                             : None \
#                              gff_features                            : [] \
#                              gff_sources                             : [] \
#                              library_type                            : fr-unstranded \
#                              log_config_filename                     : None \
#                              loglevel                                : 1 \
#                              minimum_mapping_quality                 : 0 \
#                              multi_mapping                           : all \
#                              output_filename_pattern                 : %s \
#                              output_force                            : False \
#                              prefixes                                : [] \
#                              proximal_distance                       : 10000 \
#                              quality_file                            : None \
#                              random_seed                             : None \
#                              reporter                                : transcripts \
#                              sample_probability                      : 1.0 \
#                              sections                                : [] \
#                              short_help                              : None \
#                              stderr                                  : <_io.TextIOWrapper name='<stderr>' mode='w' encoding='UTF-8'> \
#                              stdin                                   : <_io.TextIOWrapper name='<stdin>' mode='r' encoding='UTF-8'> \
#                              stdlog                                  : <_io.TextIOWrapper name='<stdout>' mode='w' encoding='UTF-8'> \
#                              stdout                                  : <_io.TextIOWrapper name='<stdout>' mode='w' encoding='UTF-8'> \
#                              timeit_file                             : None \
#                              timeit_header                           : None \
#                              timeit_name                             : all \
#                              tracing                                 : None \
#                              use_barcodes                            : False \
#                              with_values                             : True
# 2018-08-22 16:46:53,920 INFO counters will use the default section (exons)
# 2018-08-22 16:46:53,920 INFO loading data from smallest_ref.gtf
# 2018-08-22 16:46:53,921 INFO loaded data from smallest_ref.gtf
transcript_id	noverlap_transcripts	noverlap_genes	match_transcript_id	match_gene_id	source	class	sense
MSTRG.28419.1	0	0	ENST00000341280	ENSG00000188263	ensembl	flank3	s
# 2018-08-22 16:46:53,921 INFO input=1, output=1
# 2018-08-22 16:46:53,921 INFO <CGAT.GeneModelAnalysis.ClassifierRNASeqSplicing object at 0x7f5da2d09160>	
# 2018-08-22 16:46:53,921 INFO job finished in 0 seconds at Wed Aug 22 16:46:53 2018 --  1.70  2.98  0.00  0.00 -- 3186058d-1987-43ac-bc55-91672350ce58
